// Jest Snapshot v1, https://goo.gl/fbAQLP

exports[`Suit - test <PrimeraApp/>> should be show <PrimeraApp/> correctly 1`] = `
<Fragment>
  <h1>
    Hola, soy Goku
  </h1>
  <p>
    Soy un Subtitulo
  </p>
</Fragment>
`;
